in_source: |-
  print('hello world!');
in_stdin: |-
out_code: |-
  [{"index": 0, "opcode": "Opcode.JUMP", "arg1": "#", "arg2": 14},
  {"index": 1, "opcode": "Opcode.NOP", "arg1": 104, "arg2": null},
  {"index": 2, "opcode": "Opcode.NOP", "arg1": 101, "arg2": null},
  {"index": 3, "opcode": "Opcode.NOP", "arg1": 108, "arg2": null},
  {"index": 4, "opcode": "Opcode.NOP", "arg1": 108, "arg2": null},
  {"index": 5, "opcode": "Opcode.NOP", "arg1": 111, "arg2": null},
  {"index": 6, "opcode": "Opcode.NOP", "arg1": 32, "arg2": null},
  {"index": 7, "opcode": "Opcode.NOP", "arg1": 119, "arg2": null},
  {"index": 8, "opcode": "Opcode.NOP", "arg1": 111, "arg2": null},
  {"index": 9, "opcode": "Opcode.NOP", "arg1": 114, "arg2": null},
  {"index": 10, "opcode": "Opcode.NOP", "arg1": 108, "arg2": null},
  {"index": 11, "opcode": "Opcode.NOP", "arg1": 100, "arg2": null},
  {"index": 12, "opcode": "Opcode.NOP", "arg1": 33, "arg2": null},
  {"index": 13, "opcode": "Opcode.NOP", "arg1": 0, "arg2": null},
  {"index": 14, "opcode": "Opcode.LD", "arg1": "#", "arg2": 1},
  {"index": 15, "opcode": "Opcode.PUSH", "arg1": null, "arg2": null},
  {"index": 16, "opcode": "Opcode.LD", "arg1": "~", "arg2": 8095},
  {"index": 17, "opcode": "Opcode.PRINT", "arg1": null, "arg2": 2},
  {"index": 18, "opcode": "Opcode.CMP", "arg1": "#", "arg2": 0},
  {"index": 19, "opcode": "Opcode.JE", "arg1": "#", "arg2": 24},
  {"index": 20, "opcode": "Opcode.POP", "arg1": null, "arg2": null},
  {"index": 21, "opcode": "Opcode.INC", "arg1": null, "arg2": null},
  {"index": 22, "opcode": "Opcode.PUSH", "arg1": null, "arg2": null},
  {"index": 23, "opcode": "Opcode.JUMP", "arg1": "#", "arg2": 16},
  {"index": 24, "opcode": "Opcode.HALT", "arg1": null, "arg2": null}]
out_stdout: |-
  hello world!
out_log: |-
  INFO    processor:simulation    Simulation start
  INFO    controlunit:microcode_handler execute_command     Opcode.JUMP | tick:          3 | ip:         14 | dr         14 |ar:          0 | acc:          0 | sp:       8095
  INFO    controlunit:microcode_handler execute_command       Opcode.LD | tick:          6 | ip:         15 | dr          1 |ar:          0 | acc:          1 | sp:       8095
  INFO    controlunit:microcode_handler execute_command     Opcode.PUSH | tick:          9 | ip:         16 | dr          1 |ar:          0 | acc:          1 | sp:       8094
  INFO    controlunit:microcode_handler execute_command       Opcode.LD | tick:         14 | ip:         17 | dr        104 |ar:          1 | acc:        104 | sp:       8094
  DEBUG   datapath:output         <- h
  INFO    controlunit:microcode_handler execute_command    Opcode.PRINT | tick:         17 | ip:         18 | dr        104 |ar:          1 | acc:        104 | sp:       8094
  INFO    controlunit:microcode_handler execute_command      Opcode.CMP | tick:         20 | ip:         19 | dr          0 |ar:          1 | acc:        104 | sp:       8094
  INFO    controlunit:microcode_handler execute_command       Opcode.JE | tick:         23 | ip:         20 | dr         24 |ar:          1 | acc:        104 | sp:       8094
  INFO    controlunit:microcode_handler execute_command      Opcode.POP | tick:         28 | ip:         21 | dr          1 |ar:          1 | acc:          1 | sp:       8095
  INFO    controlunit:microcode_handler execute_command      Opcode.INC | tick:         31 | ip:         22 | dr          1 |ar:          1 | acc:          2 | sp:       8095
  INFO    controlunit:microcode_handler execute_command     Opcode.PUSH | tick:         34 | ip:         23 | dr          1 |ar:          1 | acc:          2 | sp:       8094
  INFO    controlunit:microcode_handler execute_command     Opcode.JUMP | tick:         37 | ip:         16 | dr         16 |ar:          1 | acc:          2 | sp:       8094
  INFO    controlunit:microcode_handler execute_command       Opcode.LD | tick:         42 | ip:         17 | dr        101 |ar:          2 | acc:        101 | sp:       8094
  DEBUG   datapath:output        h <- e
  INFO    controlunit:microcode_handler execute_command    Opcode.PRINT | tick:         45 | ip:         18 | dr        101 |ar:          2 | acc:        101 | sp:       8094
  INFO    controlunit:microcode_handler execute_command      Opcode.CMP | tick:         48 | ip:         19 | dr          0 |ar:          2 | acc:        101 | sp:       8094
  INFO    controlunit:microcode_handler execute_command       Opcode.JE | tick:         51 | ip:         20 | dr         24 |ar:          2 | acc:        101 | sp:       8094
  INFO    controlunit:microcode_handler execute_command      Opcode.POP | tick:         56 | ip:         21 | dr          2 |ar:          2 | acc:          2 | sp:       8095
  INFO    controlunit:microcode_handler execute_command      Opcode.INC | tick:         59 | ip:         22 | dr          2 |ar:          2 | acc:          3 | sp:       8095
  INFO    controlunit:microcode_handler execute_command     Opcode.PUSH | tick:         62 | ip:         23 | dr          2 |ar:          2 | acc:          3 | sp:       8094
  INFO    controlunit:microcode_handler execute_command     Opcode.JUMP | tick:         65 | ip:         16 | dr         16 |ar:          2 | acc:          3 | sp:       8094
  INFO    controlunit:microcode_handler execute_command       Opcode.LD | tick:         70 | ip:         17 | dr        108 |ar:          3 | acc:        108 | sp:       8094
  DEBUG   datapath:output        he <- l
  INFO    controlunit:microcode_handler execute_command    Opcode.PRINT | tick:         73 | ip:         18 | dr        108 |ar:          3 | acc:        108 | sp:       8094
  INFO    controlunit:microcode_handler execute_command      Opcode.CMP | tick:         76 | ip:         19 | dr          0 |ar:          3 | acc:        108 | sp:       8094
  INFO    controlunit:microcode_handler execute_command       Opcode.JE | tick:         79 | ip:         20 | dr         24 |ar:          3 | acc:        108 | sp:       8094
  INFO    controlunit:microcode_handler execute_command      Opcode.POP | tick:         84 | ip:         21 | dr          3 |ar:          3 | acc:          3 | sp:       8095
  INFO    controlunit:microcode_handler execute_command      Opcode.INC | tick:         87 | ip:         22 | dr          3 |ar:          3 | acc:          4 | sp:       8095
  INFO    controlunit:microcode_handler execute_command     Opcode.PUSH | tick:         90 | ip:         23 | dr          3 |ar:          3 | acc:          4 | sp:       8094
  INFO    controlunit:microcode_handler execute_command     Opcode.JUMP | tick:         93 | ip:         16 | dr         16 |ar:          3 | acc:          4 | sp:       8094
  INFO    controlunit:microcode_handler execute_command       Opcode.LD | tick:         98 | ip:         17 | dr        108 |ar:          4 | acc:        108 | sp:       8094
  DEBUG   datapath:output        hel <- l
  INFO    controlunit:microcode_handler execute_command    Opcode.PRINT | tick:        101 | ip:         18 | dr        108 |ar:          4 | acc:        108 | sp:       8094
  INFO    controlunit:microcode_handler execute_command      Opcode.CMP | tick:        104 | ip:         19 | dr          0 |ar:          4 | acc:        108 | sp:       8094
  INFO    controlunit:microcode_handler execute_command       Opcode.JE | tick:        107 | ip:         20 | dr         24 |ar:          4 | acc:        108 | sp:       8094
  INFO    controlunit:microcode_handler execute_command      Opcode.POP | tick:        112 | ip:         21 | dr          4 |ar:          4 | acc:          4 | sp:       8095
  INFO    controlunit:microcode_handler execute_command      Opcode.INC | tick:        115 | ip:         22 | dr          4 |ar:          4 | acc:          5 | sp:       8095
  INFO    controlunit:microcode_handler execute_command     Opcode.PUSH | tick:        118 | ip:         23 | dr          4 |ar:          4 | acc:          5 | sp:       8094
  INFO    controlunit:microcode_handler execute_command     Opcode.JUMP | tick:        121 | ip:         16 | dr         16 |ar:          4 | acc:          5 | sp:       8094
  INFO    controlunit:microcode_handler execute_command       Opcode.LD | tick:        126 | ip:         17 | dr        111 |ar:          5 | acc:        111 | sp:       8094
  DEBUG   datapath:output        hell <- o
  INFO    controlunit:microcode_handler execute_command    Opcode.PRINT | tick:        129 | ip:         18 | dr        111 |ar:          5 | acc:        111 | sp:       8094
  INFO    controlunit:microcode_handler execute_command      Opcode.CMP | tick:        132 | ip:         19 | dr          0 |ar:          5 | acc:        111 | sp:       8094
  INFO    controlunit:microcode_handler execute_command       Opcode.JE | tick:        135 | ip:         20 | dr         24 |ar:          5 | acc:        111 | sp:       8094
  INFO    controlunit:microcode_handler execute_command      Opcode.POP | tick:        140 | ip:         21 | dr          5 |ar:          5 | acc:          5 | sp:       8095
  INFO    controlunit:microcode_handler execute_command      Opcode.INC | tick:        143 | ip:         22 | dr          5 |ar:          5 | acc:          6 | sp:       8095
  INFO    controlunit:microcode_handler execute_command     Opcode.PUSH | tick:        146 | ip:         23 | dr          5 |ar:          5 | acc:          6 | sp:       8094
  INFO    controlunit:microcode_handler execute_command     Opcode.JUMP | tick:        149 | ip:         16 | dr         16 |ar:          5 | acc:          6 | sp:       8094
  INFO    controlunit:microcode_handler execute_command       Opcode.LD | tick:        154 | ip:         17 | dr         32 |ar:          6 | acc:         32 | sp:       8094
  DEBUG   datapath:output        hello <- ' '
  INFO    controlunit:microcode_handler execute_command    Opcode.PRINT | tick:        157 | ip:         18 | dr         32 |ar:          6 | acc:         32 | sp:       8094
  INFO    controlunit:microcode_handler execute_command      Opcode.CMP | tick:        160 | ip:         19 | dr          0 |ar:          6 | acc:         32 | sp:       8094
  INFO    controlunit:microcode_handler execute_command       Opcode.JE | tick:        163 | ip:         20 | dr         24 |ar:          6 | acc:         32 | sp:       8094
  INFO    controlunit:microcode_handler execute_command      Opcode.POP | tick:        168 | ip:         21 | dr          6 |ar:          6 | acc:          6 | sp:       8095
  INFO    controlunit:microcode_handler execute_command      Opcode.INC | tick:        171 | ip:         22 | dr          6 |ar:          6 | acc:          7 | sp:       8095
  INFO    controlunit:microcode_handler execute_command     Opcode.PUSH | tick:        174 | ip:         23 | dr          6 |ar:          6 | acc:          7 | sp:       8094
  INFO    controlunit:microcode_handler execute_command     Opcode.JUMP | tick:        177 | ip:         16 | dr         16 |ar:          6 | acc:          7 | sp:       8094
  INFO    controlunit:microcode_handler execute_command       Opcode.LD | tick:        182 | ip:         17 | dr        119 |ar:          7 | acc:        119 | sp:       8094
  DEBUG   datapath:output        hello  <- w
  INFO    controlunit:microcode_handler execute_command    Opcode.PRINT | tick:        185 | ip:         18 | dr        119 |ar:          7 | acc:        119 | sp:       8094
  INFO    controlunit:microcode_handler execute_command      Opcode.CMP | tick:        188 | ip:         19 | dr          0 |ar:          7 | acc:        119 | sp:       8094
  INFO    controlunit:microcode_handler execute_command       Opcode.JE | tick:        191 | ip:         20 | dr         24 |ar:          7 | acc:        119 | sp:       8094
  INFO    controlunit:microcode_handler execute_command      Opcode.POP | tick:        196 | ip:         21 | dr          7 |ar:          7 | acc:          7 | sp:       8095
  INFO    controlunit:microcode_handler execute_command      Opcode.INC | tick:        199 | ip:         22 | dr          7 |ar:          7 | acc:          8 | sp:       8095
  INFO    controlunit:microcode_handler execute_command     Opcode.PUSH | tick:        202 | ip:         23 | dr          7 |ar:          7 | acc:          8 | sp:       8094
  INFO    controlunit:microcode_handler execute_command     Opcode.JUMP | tick:        205 | ip:         16 | dr         16 |ar:          7 | acc:          8 | sp:       8094
  INFO    controlunit:microcode_handler execute_command       Opcode.LD | tick:        210 | ip:         17 | dr        111 |ar:          8 | acc:        111 | sp:       8094
  DEBUG   datapath:output        hello w <- o
  INFO    controlunit:microcode_handler execute_command    Opcode.PRINT | tick:        213 | ip:         18 | dr        111 |ar:          8 | acc:        111 | sp:       8094
  INFO    controlunit:microcode_handler execute_command      Opcode.CMP | tick:        216 | ip:         19 | dr          0 |ar:          8 | acc:        111 | sp:       8094
  INFO    controlunit:microcode_handler execute_command       Opcode.JE | tick:        219 | ip:         20 | dr         24 |ar:          8 | acc:        111 | sp:       8094
  INFO    controlunit:microcode_handler execute_command      Opcode.POP | tick:        224 | ip:         21 | dr          8 |ar:          8 | acc:          8 | sp:       8095
  INFO    controlunit:microcode_handler execute_command      Opcode.INC | tick:        227 | ip:         22 | dr          8 |ar:          8 | acc:          9 | sp:       8095
  INFO    controlunit:microcode_handler execute_command     Opcode.PUSH | tick:        230 | ip:         23 | dr          8 |ar:          8 | acc:          9 | sp:       8094
  INFO    controlunit:microcode_handler execute_command     Opcode.JUMP | tick:        233 | ip:         16 | dr         16 |ar:          8 | acc:          9 | sp:       8094
  INFO    controlunit:microcode_handler execute_command       Opcode.LD | tick:        238 | ip:         17 | dr        114 |ar:          9 | acc:        114 | sp:       8094
  DEBUG   datapath:output        hello wo <- r
  INFO    controlunit:microcode_handler execute_command    Opcode.PRINT | tick:        241 | ip:         18 | dr        114 |ar:          9 | acc:        114 | sp:       8094
  INFO    controlunit:microcode_handler execute_command      Opcode.CMP | tick:        244 | ip:         19 | dr          0 |ar:          9 | acc:        114 | sp:       8094
  INFO    controlunit:microcode_handler execute_command       Opcode.JE | tick:        247 | ip:         20 | dr         24 |ar:          9 | acc:        114 | sp:       8094
  INFO    controlunit:microcode_handler execute_command      Opcode.POP | tick:        252 | ip:         21 | dr          9 |ar:          9 | acc:          9 | sp:       8095
  INFO    controlunit:microcode_handler execute_command      Opcode.INC | tick:        255 | ip:         22 | dr          9 |ar:          9 | acc:         10 | sp:       8095
  INFO    controlunit:microcode_handler execute_command     Opcode.PUSH | tick:        258 | ip:         23 | dr          9 |ar:          9 | acc:         10 | sp:       8094
  INFO    controlunit:microcode_handler execute_command     Opcode.JUMP | tick:        261 | ip:         16 | dr         16 |ar:          9 | acc:         10 | sp:       8094
  INFO    controlunit:microcode_handler execute_command       Opcode.LD | tick:        266 | ip:         17 | dr        108 |ar:         10 | acc:        108 | sp:       8094
  DEBUG   datapath:output        hello wor <- l
  INFO    controlunit:microcode_handler execute_command    Opcode.PRINT | tick:        269 | ip:         18 | dr        108 |ar:         10 | acc:        108 | sp:       8094
  INFO    controlunit:microcode_handler execute_command      Opcode.CMP | tick:        272 | ip:         19 | dr          0 |ar:         10 | acc:        108 | sp:       8094
  INFO    controlunit:microcode_handler execute_command       Opcode.JE | tick:        275 | ip:         20 | dr         24 |ar:         10 | acc:        108 | sp:       8094
  INFO    controlunit:microcode_handler execute_command      Opcode.POP | tick:        280 | ip:         21 | dr         10 |ar:         10 | acc:         10 | sp:       8095
  INFO    controlunit:microcode_handler execute_command      Opcode.INC | tick:        283 | ip:         22 | dr         10 |ar:         10 | acc:         11 | sp:       8095
  INFO    controlunit:microcode_handler execute_command     Opcode.PUSH | tick:        286 | ip:         23 | dr         10 |ar:         10 | acc:         11 | sp:       8094
  INFO    controlunit:microcode_handler execute_command     Opcode.JUMP | tick:        289 | ip:         16 | dr         16 |ar:         10 | acc:         11 | sp:       8094
  INFO    controlunit:microcode_handler execute_command       Opcode.LD | tick:        294 | ip:         17 | dr        100 |ar:         11 | acc:        100 | sp:       8094
  DEBUG   datapath:output        hello worl <- d
  INFO    controlunit:microcode_handler execute_command    Opcode.PRINT | tick:        297 | ip:         18 | dr        100 |ar:         11 | acc:        100 | sp:       8094
  INFO    controlunit:microcode_handler execute_command      Opcode.CMP | tick:        300 | ip:         19 | dr          0 |ar:         11 | acc:        100 | sp:       8094
  INFO    controlunit:microcode_handler execute_command       Opcode.JE | tick:        303 | ip:         20 | dr         24 |ar:         11 | acc:        100 | sp:       8094
  INFO    controlunit:microcode_handler execute_command      Opcode.POP | tick:        308 | ip:         21 | dr         11 |ar:         11 | acc:         11 | sp:       8095
  INFO    controlunit:microcode_handler execute_command      Opcode.INC | tick:        311 | ip:         22 | dr         11 |ar:         11 | acc:         12 | sp:       8095
  INFO    controlunit:microcode_handler execute_command     Opcode.PUSH | tick:        314 | ip:         23 | dr         11 |ar:         11 | acc:         12 | sp:       8094
  INFO    controlunit:microcode_handler execute_command     Opcode.JUMP | tick:        317 | ip:         16 | dr         16 |ar:         11 | acc:         12 | sp:       8094
  INFO    controlunit:microcode_handler execute_command       Opcode.LD | tick:        322 | ip:         17 | dr         33 |ar:         12 | acc:         33 | sp:       8094
  DEBUG   datapath:output        hello world <- !
  INFO    controlunit:microcode_handler execute_command    Opcode.PRINT | tick:        325 | ip:         18 | dr         33 |ar:         12 | acc:         33 | sp:       8094
  INFO    controlunit:microcode_handler execute_command      Opcode.CMP | tick:        328 | ip:         19 | dr          0 |ar:         12 | acc:         33 | sp:       8094
  INFO    controlunit:microcode_handler execute_command       Opcode.JE | tick:        331 | ip:         20 | dr         24 |ar:         12 | acc:         33 | sp:       8094
  INFO    controlunit:microcode_handler execute_command      Opcode.POP | tick:        336 | ip:         21 | dr         12 |ar:         12 | acc:         12 | sp:       8095
  INFO    controlunit:microcode_handler execute_command      Opcode.INC | tick:        339 | ip:         22 | dr         12 |ar:         12 | acc:         13 | sp:       8095
  INFO    controlunit:microcode_handler execute_command     Opcode.PUSH | tick:        342 | ip:         23 | dr         12 |ar:         12 | acc:         13 | sp:       8094
  INFO    controlunit:microcode_handler execute_command     Opcode.JUMP | tick:        345 | ip:         16 | dr         16 |ar:         12 | acc:         13 | sp:       8094
  INFO    controlunit:microcode_handler execute_command       Opcode.LD | tick:        350 | ip:         17 | dr          0 |ar:         13 | acc:          0 | sp:       8094
  INFO    controlunit:microcode_handler execute_command    Opcode.PRINT | tick:        353 | ip:         18 | dr          0 |ar:         13 | acc:          0 | sp:       8094
  INFO    controlunit:microcode_handler execute_command      Opcode.CMP | tick:        356 | ip:         19 | dr          0 |ar:         13 | acc:          0 | sp:       8094
  INFO    controlunit:microcode_handler execute_command       Opcode.JE | tick:        360 | ip:         24 | dr         24 |ar:         13 | acc:          0 | sp:       8094
  DEBUG   datapath:output_the_buffer output: hello world!
  INFO    processor:simulation    Simulation stop